Microsoft Windows [版本 10.0.17134.345]
(c) 2018 Microsoft Corporation。保留所有权利。

C:\WINDOWS\system32>net start mysql80
请求的服务已经启动。

请键入 NET HELPMSG 2182 以获得更多的帮助。


C:\WINDOWS\system32>mysql -u root -p
Enter password: ******
Welcome to the MySQL monitor.  Commands end with ; or \g.
Your MySQL connection id is 25
Server version: 8.0.12 MySQL Community Server - GPL

Copyright (c) 2000, 2018, Oracle and/or its affiliates. All rights reserved.

Oracle is a registered trademark of Oracle Corporation and/or its
affiliates. Other names may be trademarks of their respective
owners.

Type 'help;' or '\h' for help. Type '\c' to clear the current input statement.

mysql> create databese shopping charset=utf8;
ERROR 1064 (42000): You have an error in your SQL syntax; check the manual that corresponds to your MySQL server version for the right syntax to use near 'databese shopping charset=utf8' at line 1
mysql> show databases
    -> show databases;
ERROR 1064 (42000): You have an error in your SQL syntax; check the manual that corresponds to your MySQL server version for the right syntax to use near 'show databases' at line 2
mysql> show databases;
+--------------------+
| Database           |
+--------------------+
| huwang100          |
| huwang200          |
| information_schema |
| mysql              |
| new_schema         |
| new_schema1        |
| performance_schema |
| shopping           |
| sys                |
+--------------------+
9 rows in set (0.00 sec)

mysql> use shopping;
Database changed
mysql> create table shopping1(id int(15) primary key not null auto_increment
    -> name varchar(10) not null unique
    -> num int (3) default 1
    -> money varchar(5));
ERROR 1064 (42000): You have an error in your SQL syntax; check the manual that corresponds to your MySQL server version for the right syntax to use near 'name varchar(10) not null unique
num int (3) default 1
money varchar(5))' at line 2
mysql> create table shopping1(id int(15) primary key not null auto_increment,
    -> name varchar(10) not null unique,
    -> num int (3) default 1,
    -> money varchar(5));
Query OK, 0 rows affected (0.07 sec)

mysql> use shopping1
ERROR 1049 (42000): Unknown database 'shopping1'
mysql> use shopping;
Database changed
mysql> desc shopping1;
+-------+-------------+------+-----+---------+----------------+
| Field | Type        | Null | Key | Default | Extra          |
+-------+-------------+------+-----+---------+----------------+
| id    | int(15)     | NO   | PRI | NULL    | auto_increment |
| name  | varchar(10) | NO   | UNI | NULL    |                |
| num   | int(3)      | YES  |     | 1       |                |
| money | varchar(5)  | YES  |     | NULL    |                |
+-------+-------------+------+-----+---------+----------------+
4 rows in set (0.00 sec)

mysql> insert into tablename xihuan varchar (10) not null unique;
ERROR 1064 (42000): You have an error in your SQL syntax; check the manual that corresponds to your MySQL server version for the right syntax to use near 'xihuan varchar (10) not null unique' at line 1
mysql> insert into tablename (xihuan varchar (10) not null unique);
ERROR 1064 (42000): You have an error in your SQL syntax; check the manual that corresponds to your MySQL server version for the right syntax to use near 'varchar (10) not null unique)' at line 1
mysql> insert into tablename money values (xihuan varchar(10) not null unique);
ERROR 1064 (42000): You have an error in your SQL syntax; check the manual that corresponds to your MySQL server version for the right syntax to use near 'money values (xihuan varchar(10) not null unique)' at line 1
mysql>